2026-04-28 20:15:35,856 INFO o.a.j.u.JMeterUtils: Setting Locale to en_EN
2026-04-28 20:15:35,870 INFO o.a.j.JMeter: Loading user properties from: C:\Users\Acer\Downloads\apache-jmeter-5.6.3\bin\user.properties
2026-04-28 20:15:35,871 INFO o.a.j.JMeter: Loading system properties from: C:\Users\Acer\Downloads\apache-jmeter-5.6.3\bin\system.properties
2026-04-28 20:15:35,878 INFO o.a.j.JMeter: Copyright (c) 1998-2024 The Apache Software Foundation
2026-04-28 20:15:35,878 INFO o.a.j.JMeter: Version 5.6.3
2026-04-28 20:15:35,878 INFO o.a.j.JMeter: java.version=25.0.2
2026-04-28 20:15:35,878 INFO o.a.j.JMeter: java.vm.name=OpenJDK 64-Bit Server VM
2026-04-28 20:15:35,879 INFO o.a.j.JMeter: os.name=Windows 11
2026-04-28 20:15:35,879 INFO o.a.j.JMeter: os.arch=amd64
2026-04-28 20:15:35,879 INFO o.a.j.JMeter: os.version=10.0
2026-04-28 20:15:35,879 INFO o.a.j.JMeter: file.encoding=UTF-8
2026-04-28 20:15:35,879 INFO o.a.j.JMeter: java.awt.headless=true
2026-04-28 20:15:35,879 INFO o.a.j.JMeter: Max memory     =1073741824
2026-04-28 20:15:35,879 INFO o.a.j.JMeter: Available Processors =12
2026-04-28 20:15:35,891 INFO o.a.j.JMeter: Default Locale=English (EN)
2026-04-28 20:15:35,892 INFO o.a.j.JMeter: JMeter  Locale=English (EN)
2026-04-28 20:15:35,892 INFO o.a.j.JMeter: JMeterHome=C:\Users\Acer\Downloads\apache-jmeter-5.6.3
2026-04-28 20:15:35,892 INFO o.a.j.JMeter: user.dir  =C:\Users\Acer\Documents\Kuliah\Sem4\Adpro\exercise-profiling
2026-04-28 20:15:35,893 INFO o.a.j.JMeter: PWD       =C:\Users\Acer\Documents\Kuliah\Sem4\Adpro\exercise-profiling
2026-04-28 20:15:35,898 INFO o.a.j.JMeter: IP: 192.168.110.92 Name: LAPTOP-Q2O0SG7M FullName: LAPTOP-Q2O0SG7M.lan
2026-04-28 20:15:35,909 INFO o.a.j.s.FileServer: Default base='C:\Users\Acer\Documents\Kuliah\Sem4\Adpro\exercise-profiling'
2026-04-28 20:15:35,910 INFO o.a.j.s.FileServer: Set new base='C:\Users\Acer\Documents\Kuliah\Sem4\Adpro\exercise-profiling'
2026-04-28 20:15:36,126 INFO o.a.j.s.SaveService: Testplan (JMX) version: 2.2. Testlog (JTL) version: 2.2
2026-04-28 20:15:36,150 INFO o.a.j.s.SaveService: Using SaveService properties version 5.0
2026-04-28 20:15:36,155 INFO o.a.j.s.SaveService: Using SaveService properties file encoding UTF-8
2026-04-28 20:15:36,160 INFO o.a.j.s.SaveService: Loading file: highest_gpa.jmx
2026-04-28 20:15:36,233 INFO o.a.j.p.h.s.HTTPSamplerBase: Parser for text/html is org.apache.jmeter.protocol.http.parser.LagartoBasedHtmlParser
2026-04-28 20:15:36,233 INFO o.a.j.p.h.s.HTTPSamplerBase: Parser for application/xhtml+xml is org.apache.jmeter.protocol.http.parser.LagartoBasedHtmlParser
2026-04-28 20:15:36,233 INFO o.a.j.p.h.s.HTTPSamplerBase: Parser for application/xml is org.apache.jmeter.protocol.http.parser.LagartoBasedHtmlParser
2026-04-28 20:15:36,233 INFO o.a.j.p.h.s.HTTPSamplerBase: Parser for text/xml is org.apache.jmeter.protocol.http.parser.LagartoBasedHtmlParser
2026-04-28 20:15:36,234 INFO o.a.j.p.h.s.HTTPSamplerBase: Parser for text/vnd.wap.wml is org.apache.jmeter.protocol.http.parser.RegexpHTMLParser
2026-04-28 20:15:36,234 INFO o.a.j.p.h.s.HTTPSamplerBase: Parser for text/css is org.apache.jmeter.protocol.http.parser.CssParser
2026-04-28 20:15:36,255 INFO o.a.j.JMeter: Creating summariser <summary>
2026-04-28 20:15:36,269 INFO o.a.j.e.StandardJMeterEngine: Running the test!
2026-04-28 20:15:36,270 INFO o.a.j.s.SampleEvent: List of sample_variables: []
2026-04-28 20:15:36,270 INFO o.a.j.s.SampleEvent: List of sample_variables: []
2026-04-28 20:15:36,279 INFO o.a.j.e.u.CompoundVariable: Note: Function class names must contain the string: '.functions.'
2026-04-28 20:15:36,280 INFO o.a.j.e.u.CompoundVariable: Note: Function class names must not contain the string: '.gui.'
2026-04-28 20:15:36,345 INFO o.a.j.JMeter: Running test (1777382136345)
2026-04-28 20:15:36,361 INFO o.a.j.e.StandardJMeterEngine: Starting ThreadGroup: 1 : Thread Group 1
2026-04-28 20:15:36,361 INFO o.a.j.e.StandardJMeterEngine: Starting 10 threads for group Thread Group 1.
2026-04-28 20:15:36,361 INFO o.a.j.e.StandardJMeterEngine: Thread will continue on error
2026-04-28 20:15:36,361 INFO o.a.j.t.ThreadGroup: Starting thread group... number=1 threads=10 ramp-up=1 delayedStart=false
2026-04-28 20:15:36,367 INFO o.a.j.t.JMeterThread: Thread started: Thread Group 1 1-1
2026-04-28 20:15:36,367 INFO o.a.j.t.ThreadGroup: Started thread group number 1
2026-04-28 20:15:36,367 INFO o.a.j.e.StandardJMeterEngine: All thread groups have been started
2026-04-28 20:15:36,380 INFO o.a.j.p.h.s.HTTPHCAbstractImpl: Local host = LAPTOP-Q2O0SG7M
2026-04-28 20:15:36,386 INFO o.a.j.p.h.s.HTTPHC4Impl: HTTP request retry count = 0
2026-04-28 20:15:36,387 INFO o.a.j.s.SampleResult: Note: Sample TimeStamps are START times
2026-04-28 20:15:36,387 INFO o.a.j.s.SampleResult: sampleresult.default.encoding is set to UTF-8
2026-04-28 20:15:36,387 INFO o.a.j.s.SampleResult: sampleresult.useNanoTime=true
2026-04-28 20:15:36,387 INFO o.a.j.s.SampleResult: sampleresult.nanoThreadSleep=5000
2026-04-28 20:15:36,455 INFO o.a.j.t.JMeterThread: Thread is done: Thread Group 1 1-1
2026-04-28 20:15:36,455 INFO o.a.j.t.JMeterThread: Thread finished: Thread Group 1 1-1
2026-04-28 20:15:36,465 INFO o.a.j.t.JMeterThread: Thread started: Thread Group 1 1-2
2026-04-28 20:15:36,467 INFO o.a.j.t.JMeterThread: Thread is done: Thread Group 1 1-2
2026-04-28 20:15:36,467 INFO o.a.j.t.JMeterThread: Thread finished: Thread Group 1 1-2
2026-04-28 20:15:36,564 INFO o.a.j.t.JMeterThread: Thread started: Thread Group 1 1-3
2026-04-28 20:15:36,566 INFO o.a.j.t.JMeterThread: Thread is done: Thread Group 1 1-3
2026-04-28 20:15:36,567 INFO o.a.j.t.JMeterThread: Thread finished: Thread Group 1 1-3
2026-04-28 20:15:36,664 INFO o.a.j.t.JMeterThread: Thread started: Thread Group 1 1-4
2026-04-28 20:15:36,666 INFO o.a.j.t.JMeterThread: Thread is done: Thread Group 1 1-4
2026-04-28 20:15:36,666 INFO o.a.j.t.JMeterThread: Thread finished: Thread Group 1 1-4
2026-04-28 20:15:36,764 INFO o.a.j.t.JMeterThread: Thread started: Thread Group 1 1-5
2026-04-28 20:15:36,767 INFO o.a.j.t.JMeterThread: Thread is done: Thread Group 1 1-5
2026-04-28 20:15:36,767 INFO o.a.j.t.JMeterThread: Thread finished: Thread Group 1 1-5
2026-04-28 20:15:36,863 INFO o.a.j.t.JMeterThread: Thread started: Thread Group 1 1-6
2026-04-28 20:15:36,865 INFO o.a.j.t.JMeterThread: Thread is done: Thread Group 1 1-6
2026-04-28 20:15:36,865 INFO o.a.j.t.JMeterThread: Thread finished: Thread Group 1 1-6
2026-04-28 20:15:36,963 INFO o.a.j.t.JMeterThread: Thread started: Thread Group 1 1-7
2026-04-28 20:15:36,965 INFO o.a.j.t.JMeterThread: Thread is done: Thread Group 1 1-7
2026-04-28 20:15:36,965 INFO o.a.j.t.JMeterThread: Thread finished: Thread Group 1 1-7
2026-04-28 20:15:37,063 INFO o.a.j.t.JMeterThread: Thread started: Thread Group 1 1-8
2026-04-28 20:15:37,065 INFO o.a.j.t.JMeterThread: Thread is done: Thread Group 1 1-8
2026-04-28 20:15:37,065 INFO o.a.j.t.JMeterThread: Thread finished: Thread Group 1 1-8
2026-04-28 20:15:37,163 INFO o.a.j.t.JMeterThread: Thread started: Thread Group 1 1-9
2026-04-28 20:15:37,165 INFO o.a.j.t.JMeterThread: Thread is done: Thread Group 1 1-9
2026-04-28 20:15:37,165 INFO o.a.j.t.JMeterThread: Thread finished: Thread Group 1 1-9
2026-04-28 20:15:37,263 INFO o.a.j.t.JMeterThread: Thread started: Thread Group 1 1-10
2026-04-28 20:15:37,265 INFO o.a.j.t.JMeterThread: Thread is done: Thread Group 1 1-10
2026-04-28 20:15:37,265 INFO o.a.j.t.JMeterThread: Thread finished: Thread Group 1 1-10
2026-04-28 20:15:37,265 INFO o.a.j.e.StandardJMeterEngine: Notifying test listeners of end of test
2026-04-28 20:15:37,267 INFO o.a.j.r.Summariser: summary =     10 in 00:00:01 =   10.9/s Avg:     2 Min:     1 Max:    16 Err:    10 (100.00%)
